Using pre-set license
Built from '2022.3/china_unity/release' branch; Version is '2022.3.56f1c1 (bb6410cfcc53) revision 12280848'; Using compiler version '192829333'; Build Type 'Release'
OS: 'Windows 10  (10.0.19045) 64bit Professional' Language: 'zh' Physical Memory: 15773 MB
BatchMode: 1, IsHumanControllingUs: 0, StartBugReporterOnCrash: 0, Is64bit: 1, IsPro: 1

COMMAND LINE ARGUMENTS:
D:\unity\2022.3.56f1c1\Editor\Unity.exe
-adb2
-batchMode
-noUpm
-name
AssetImportWorker1
-projectPath
F:/document/unity/mid
-logFile
Logs/AssetImportWorker1.log
-srvPort
60807
Successfully changed project path to: F:/document/unity/mid
F:/document/unity/mid
[UnityMemory] Configuration Parameters - Can be set up in boot.config
    "memorysetup-bucket-allocator-granularity=16"
    "memorysetup-bucket-allocator-bucket-count=8"
    "memorysetup-bucket-allocator-block-size=33554432"
    "memorysetup-bucket-allocator-block-count=8"
    "memorysetup-main-allocator-block-size=16777216"
    "memorysetup-thread-allocator-block-size=16777216"
    "memorysetup-gfx-main-allocator-block-size=16777216"
    "memorysetup-gfx-thread-allocator-block-size=16777216"
    "memorysetup-cache-allocator-block-size=4194304"
    "memorysetup-typetree-allocator-block-size=2097152"
    "memorysetup-profiler-bucket-allocator-granularity=16"
    "memorysetup-profiler-bucket-allocator-bucket-count=8"
    "memorysetup-profiler-bucket-allocator-block-size=33554432"
    "memorysetup-profiler-bucket-allocator-block-count=8"
    "memorysetup-profiler-allocator-block-size=16777216"
    "memorysetup-profiler-editor-allocator-block-size=1048576"
    "memorysetup-temp-allocator-size-main=16777216"
    "memorysetup-job-temp-allocator-block-size=2097152"
    "memorysetup-job-temp-allocator-block-size-background=1048576"
    "memorysetup-job-temp-allocator-reduction-small-platforms=262144"
    "memorysetup-allocator-temp-initial-block-size-main=262144"
    "memorysetup-allocator-temp-initial-block-size-worker=262144"
    "memorysetup-temp-allocator-size-background-worker=32768"
    "memorysetup-temp-allocator-size-job-worker=262144"
    "memorysetup-temp-allocator-size-preload-manager=33554432"
    "memorysetup-temp-allocator-size-nav-mesh-worker=65536"
    "memorysetup-temp-allocator-size-audio-worker=65536"
    "memorysetup-temp-allocator-size-cloud-worker=32768"
    "memorysetup-temp-allocator-size-gi-baking-worker=262144"
    "memorysetup-temp-allocator-size-gfx=262144"
Player connection [28020]  Target information:

Player connection [28020]  * "[IP] 169.254.14.242 [Port] 0 [Flags] 2 [Guid] 3470203034 [EditorId] 3470203034 [Version] 1048832 [Id] WindowsEditor(7,DESKTOP-DM2BE6B) [Debug] 1 [PackageName] WindowsEditor [ProjectName] Editor" 

Player connection [28020]  * "[IP] 169.254.197.75 [Port] 0 [Flags] 2 [Guid] 3470203034 [EditorId] 3470203034 [Version] 1048832 [Id] WindowsEditor(7,DESKTOP-DM2BE6B) [Debug] 1 [PackageName] WindowsEditor [ProjectName] Editor" 

Player connection [28020]  * "[IP] 10.126.6.180 [Port] 0 [Flags] 2 [Guid] 3470203034 [EditorId] 3470203034 [Version] 1048832 [Id] WindowsEditor(7,DESKTOP-DM2BE6B) [Debug] 1 [PackageName] WindowsEditor [ProjectName] Editor" 

Player connection [28020] Host joined multi-casting on [225.0.0.222:54997]...
Player connection [28020] Host joined alternative multi-casting on [225.0.0.222:34997]...
Input System module state changed to: Initialized.
[PhysX] Initialized MultithreadedTaskDispatcher with 16 workers.
Refreshing native plugins compatible for Editor in 16.72 ms, found 3 plugins.
Preloading 0 native plugins for Editor in 0.00 ms.
Initialize engine version: 2022.3.56f1c1 (bb6410cfcc53)
[Subsystems] Discovering subsystems at path D:/unity/2022.3.56f1c1/Editor/Data/Resources/UnitySubsystems
[Subsystems] Discovering subsystems at path F:/document/unity/mid/Assets
GfxDevice: creating device client; threaded=0; jobified=0
Direct3D:
    Version:  Direct3D 11.0 [level 11.1]
    Renderer: NVIDIA GeForce RTX 3070 Laptop GPU (ID=0x249d)
    Vendor:   NVIDIA
    VRAM:     8020 MB
    Driver:   32.0.15.6081
Initialize mono
Mono path[0] = 'D:/unity/2022.3.56f1c1/Editor/Data/Managed'
Mono path[1] = 'D:/unity/2022.3.56f1c1/Editor/Data/MonoBleedingEdge/lib/mono/unityjit-win32'
Mono config path = 'D:/unity/2022.3.56f1c1/Editor/Data/MonoBleedingEdge/etc'
Using monoOptions --debugger-agent=transport=dt_socket,embedding=1,server=y,suspend=n,address=127.0.0.1:56024
Begin MonoManager ReloadAssembly
Registering precompiled unity dll's ...
Register platform support module: D:/unity/2022.3.56f1c1/Editor/Data/PlaybackEngines/WindowsStandaloneSupport/UnityEditor.WindowsStandalone.Extensions.dll
Registered in 0.026140 seconds.
- Loaded All Assemblies, in  0.505 seconds
Native extension for WindowsStandalone target not found
Mono: successfully reloaded assembly
- Finished resetting the current domain, in  0.333 seconds
Domain Reload Profiling: 832ms
	BeginReloadAssembly (162ms)
		ExecutionOrderSort (0ms)
		DisableScriptedObjects (0ms)
		BackupInstance (0ms)
		ReleaseScriptingObjects (0ms)
		CreateAndSetChildDomain (1ms)
	RebuildCommonClasses (43ms)
	RebuildNativeTypeToScriptingClass (14ms)
	initialDomainReloadingComplete (112ms)
	LoadAllAssembliesAndSetupDomain (168ms)
		LoadAssemblies (157ms)
		RebuildTransferFunctionScriptingTraits (0ms)
		AnalyzeDomain (165ms)
			TypeCache.Refresh (163ms)
				TypeCache.ScanAssembly (146ms)
			ScanForSourceGeneratedMonoScriptInfo (0ms)
			ResolveRequiredComponents (1ms)
	FinalizeReload (334ms)
		ReleaseScriptCaches (0ms)
		RebuildScriptCaches (0ms)
		SetupLoadedEditorAssemblies (277ms)
			LogAssemblyErrors (0ms)
			InitializePlatformSupportModulesInManaged (20ms)
			SetLoadedEditorAssemblies (10ms)
			RefreshPlugins (0ms)
			BeforeProcessingInitializeOnLoad (4ms)
			ProcessInitializeOnLoadAttributes (191ms)
			ProcessInitializeOnLoadMethodAttributes (53ms)
			AfterProcessingInitializeOnLoad (0ms)
			EditorAssembliesLoaded (0ms)
		ExecutionOrderSort2 (0ms)
		AwakeInstancesAfterBackupRestoration (0ms)
========================================================================
Worker process is ready to serve import requests
Caller must complete domain reload
Begin MonoManager ReloadAssembly
- Loaded All Assemblies, in  0.873 seconds
Native extension for WindowsStandalone target not found
[RTSEngine] Cached faction type, resource type and NPC type asset files.
UnityEngine.StackTraceUtility:ExtractStackTrace ()
UnityEngine.DebugLogHandler:LogFormat (UnityEngine.LogType,UnityEngine.Object,string,object[])
UnityEngine.Logger:Log (UnityEngine.LogType,object)
UnityEngine.Debug:Log (object)
RTSEngine.RTSEditorHelper:.cctor () (at Assets/RTS Engine/Scripting/Editor/RTSEditorHelper.cs:28)
System.Runtime.CompilerServices.RuntimeHelpers:RunClassConstructor (System.RuntimeTypeHandle)
UnityEditor.EditorAssemblies:ProcessInitializeOnLoadAttributes (System.Type[])

(Filename: Assets/RTS Engine/Scripting/Editor/RTSEditorHelper.cs Line: 28)

Mono: successfully reloaded assembly
- Finished resetting the current domain, in  1.141 seconds
Domain Reload Profiling: 2001ms
	BeginReloadAssembly (223ms)
		ExecutionOrderSort (0ms)
		DisableScriptedObjects (5ms)
		BackupInstance (0ms)
		ReleaseScriptingObjects (0ms)
		CreateAndSetChildDomain (29ms)
	RebuildCommonClasses (32ms)
	RebuildNativeTypeToScriptingClass (8ms)
	initialDomainReloadingComplete (49ms)
	LoadAllAssembliesAndSetupDomain (547ms)
		LoadAssemblies (509ms)
		RebuildTransferFunctionScriptingTraits (0ms)
		AnalyzeDomain (187ms)
			TypeCache.Refresh (158ms)
				TypeCache.ScanAssembly (141ms)
			ScanForSourceGeneratedMonoScriptInfo (22ms)
			ResolveRequiredComponents (7ms)
	FinalizeReload (1142ms)
		ReleaseScriptCaches (0ms)
		RebuildScriptCaches (0ms)
		SetupLoadedEditorAssemblies (960ms)
			LogAssemblyErrors (0ms)
			InitializePlatformSupportModulesInManaged (12ms)
			SetLoadedEditorAssemblies (7ms)
			RefreshPlugins (0ms)
			BeforeProcessingInitializeOnLoad (114ms)
			ProcessInitializeOnLoadAttributes (785ms)
			ProcessInitializeOnLoadMethodAttributes (20ms)
			AfterProcessingInitializeOnLoad (22ms)
			EditorAssembliesLoaded (0ms)
		ExecutionOrderSort2 (0ms)
		AwakeInstancesAfterBackupRestoration (11ms)
Launched and connected shader compiler UnityShaderCompiler.exe after 0.07 seconds
Refreshing native plugins compatible for Editor in 5.63 ms, found 3 plugins.
Preloading 0 native plugins for Editor in 0.00 ms.
Unloading 3608 Unused Serialized files (Serialized files now loaded: 0)
Unloading 19 unused Assets / (37.2 KB). Loaded Objects now: 5412.
Memory consumption went from 158.2 MB to 158.2 MB.
Total: 5.293300 ms (FindLiveObjects: 0.550500 ms CreateObjectMapping: 0.399700 ms MarkObjects: 4.231900 ms  DeleteObjects: 0.109800 ms)

AssetImportParameters requested are different than current active one (requested -> active):
  custom:container-demuxer-ogg: 62fdf1f143b41e24485cea50d1cbac27 -> 
  custom:video-decoder-ogg-theora: a1e56fd34408186e4bbccfd4996cb3dc -> 
  custom:framework-win-MediaFoundation: 216162199b28c13a410421893ffa2e32 -> 
  custom:CustomObjectIndexerAttribute: 9a22284fe3817be447336de3de66b15e -> 
  custom:container-demuxer-webm: 4f35f7cbe854078d1ac9338744f61a02 -> 
  custom:container-muxer-webm: aa71ff27fc2769a1b78a27578f13a17b -> 
  custom:video-decoder-webm-vp8: 9c59270c3fd7afecdb556c50c9e8de78 -> 
  custom:SearchIndexIgnoredProperties: e643bd26f0fe6173181afceb89e7c659 -> 
  custom:AudioImporter_EditorPlatform: d09bf68614088b80899f8185d706f6e7 -> 
  custom:video-encoder-webm-vp8: eb34c28f22e8b96e1ab97ce403110664 -> 
  custom:audio-decoder-ogg-vorbis: bf7c407c2cedff20999df2af8eb42d56 -> 
  custom:audio-encoder-webm-vorbis: bf7c407c2cedff20999df2af8eb42d56 -> 
========================================================================
Received Import Request.
  Time since last request: 75574.007305 seconds.
  path: Assets/FunlySkyStudio/Core/Internal/Materials/LightningWhiteMat-2.mat
  artifactKey: Guid(51ea70b4b3d41493cb04dd5618ea4122) Importer(815301076,1909f56bfc062723c751e8b465ee728b)
Start importing Assets/FunlySkyStudio/Core/Internal/Materials/LightningWhiteMat-2.mat using Guid(51ea70b4b3d41493cb04dd5618ea4122) Importer(815301076,1909f56bfc062723c751e8b465ee728b) [PhysX] Initialized MultithreadedTaskDispatcher with 16 workers.
[PhysX] Initialized MultithreadedTaskDispatcher with 16 workers.
 -> (artifact id: '8a60b358ce322ce80dad9b538e54f6ee') in 0.162144 seconds
Number of updated asset objects reloaded before import = 0
Number of asset objects unloaded after import = 2
========================================================================
Received Import Request.
  Time since last request: 0.000053 seconds.
  path: Assets/FunlySkyStudio/Core/Internal/Materials/LightningToonMat.mat
  artifactKey: Guid(93f886e7d2caf4e5885b3aa176504d74) Importer(815301076,1909f56bfc062723c751e8b465ee728b)
Start importing Assets/FunlySkyStudio/Core/Internal/Materials/LightningToonMat.mat using Guid(93f886e7d2caf4e5885b3aa176504d74) Importer(815301076,1909f56bfc062723c751e8b465ee728b) [PhysX] Initialized MultithreadedTaskDispatcher with 16 workers.
[PhysX] Initialized MultithreadedTaskDispatcher with 16 workers.
 -> (artifact id: '29ec34d31f23830b7866616bae8c3736') in 0.016208 seconds
Number of updated asset objects reloaded before import = 0
Number of asset objects unloaded after import = 2
========================================================================
Received Import Request.
  Time since last request: 0.000027 seconds.
  path: Assets/FunlySkyStudio/Core/Internal/Art Sets/Lightning/Blue/LightningBlue-2.asset
  artifactKey: Guid(fa9eb67973890fd499e534ab12070f64) Importer(815301076,1909f56bfc062723c751e8b465ee728b)
Start importing Assets/FunlySkyStudio/Core/Internal/Art Sets/Lightning/Blue/LightningBlue-2.asset using Guid(fa9eb67973890fd499e534ab12070f64) Importer(815301076,1909f56bfc062723c751e8b465ee728b) [PhysX] Initialized MultithreadedTaskDispatcher with 16 workers.
 -> (artifact id: '1522d553cc1c3a80ee6baf4cd48ffbf6') in 0.026257 seconds
Number of updated asset objects reloaded before import = 0
Number of asset objects unloaded after import = 3
========================================================================
Received Import Request.
  Time since last request: 0.000025 seconds.
  path: Assets/FunlySkyStudio/Core/Internal/Art Sets/Lightning/White/LightningHorizontalWhite-1.asset
  artifactKey: Guid(fe330ceea57aa7b438b523b616ac05b2) Importer(815301076,1909f56bfc062723c751e8b465ee728b)
Start importing Assets/FunlySkyStudio/Core/Internal/Art Sets/Lightning/White/LightningHorizontalWhite-1.asset using Guid(fe330ceea57aa7b438b523b616ac05b2) Importer(815301076,1909f56bfc062723c751e8b465ee728b) [PhysX] Initialized MultithreadedTaskDispatcher with 16 workers.
 -> (artifact id: '27a2d197aefa8cb6e556d10568adcac9') in 0.017955 seconds
Number of updated asset objects reloaded before import = 0
Number of asset objects unloaded after import = 3
========================================================================
Received Import Request.
  Time since last request: 0.000081 seconds.
  path: Assets/FunlySkyStudio/Core/Textures/Lightning/LightningToon.png
  artifactKey: Guid(3f4816dcba4e4b446a21538f7610f828) Importer(815301076,1909f56bfc062723c751e8b465ee728b)
Start importing Assets/FunlySkyStudio/Core/Textures/Lightning/LightningToon.png using Guid(3f4816dcba4e4b446a21538f7610f828) Importer(815301076,1909f56bfc062723c751e8b465ee728b) [PhysX] Initialized MultithreadedTaskDispatcher with 16 workers.
[PhysX] Initialized MultithreadedTaskDispatcher with 16 workers.
 -> (artifact id: '860f33f2567882590d19cd869408ae82') in 0.037786 seconds
Number of updated asset objects reloaded before import = 0
Number of asset objects unloaded after import = 2
========================================================================
Received Import Request.
  Time since last request: 0.000031 seconds.
  path: Assets/FunlySkyStudio/Core/Internal/Materials/LightningHorizontalBlueMat-2.mat
  artifactKey: Guid(2815e315759164d8187019038075eb01) Importer(815301076,1909f56bfc062723c751e8b465ee728b)
Start importing Assets/FunlySkyStudio/Core/Internal/Materials/LightningHorizontalBlueMat-2.mat using Guid(2815e315759164d8187019038075eb01) Importer(815301076,1909f56bfc062723c751e8b465ee728b) [PhysX] Initialized MultithreadedTaskDispatcher with 16 workers.
[PhysX] Initialized MultithreadedTaskDispatcher with 16 workers.
 -> (artifact id: '88ade2d09a4c39737c8c18432cf69558') in 0.013761 seconds
Number of updated asset objects reloaded before import = 0
Number of asset objects unloaded after import = 2
========================================================================
Received Import Request.
  Time since last request: 0.000030 seconds.
  path: Assets/FunlySkyStudio/Core/Internal/Materials/LightningHorizontalBlueMat-1.mat
  artifactKey: Guid(6b207f4eec8ba4a57a0a2053787dfa40) Importer(815301076,1909f56bfc062723c751e8b465ee728b)
Start importing Assets/FunlySkyStudio/Core/Internal/Materials/LightningHorizontalBlueMat-1.mat using Guid(6b207f4eec8ba4a57a0a2053787dfa40) Importer(815301076,1909f56bfc062723c751e8b465ee728b) [PhysX] Initialized MultithreadedTaskDispatcher with 16 workers.
[PhysX] Initialized MultithreadedTaskDispatcher with 16 workers.
 -> (artifact id: 'ea663c9d30b9e4f26d865413d2897e9f') in 0.011115 seconds
Number of updated asset objects reloaded before import = 0
Number of asset objects unloaded after import = 2
========================================================================
Received Import Request.
  Time since last request: 0.000056 seconds.
  path: Assets/FunlySkyStudio/Core/Internal/Materials/LightningBlueMat-3.mat
  artifactKey: Guid(93bf3d8cd72a841f08851a6a19fe930f) Importer(815301076,1909f56bfc062723c751e8b465ee728b)
Start importing Assets/FunlySkyStudio/Core/Internal/Materials/LightningBlueMat-3.mat using Guid(93bf3d8cd72a841f08851a6a19fe930f) Importer(815301076,1909f56bfc062723c751e8b465ee728b) [PhysX] Initialized MultithreadedTaskDispatcher with 16 workers.
[PhysX] Initialized MultithreadedTaskDispatcher with 16 workers.
 -> (artifact id: '6deafbb855b4bc832e5b18ab295fa622') in 0.015591 seconds
Number of updated asset objects reloaded before import = 0
Number of asset objects unloaded after import = 2
========================================================================
Received Import Request.
  Time since last request: 0.000018 seconds.
  path: Assets/FunlySkyStudio/Core/Textures/Lightning/LightningHorizontalWhite-2.png
  artifactKey: Guid(94b9c444a5cd5ce469b8c41ef094af09) Importer(815301076,1909f56bfc062723c751e8b465ee728b)
Start importing Assets/FunlySkyStudio/Core/Textures/Lightning/LightningHorizontalWhite-2.png using Guid(94b9c444a5cd5ce469b8c41ef094af09) Importer(815301076,1909f56bfc062723c751e8b465ee728b) [PhysX] Initialized MultithreadedTaskDispatcher with 16 workers.
[PhysX] Initialized MultithreadedTaskDispatcher with 16 workers.
 -> (artifact id: 'b4f88eb5de2fc96cdeaee8df9b139b76') in 0.011715 seconds
Number of updated asset objects reloaded before import = 0
Number of asset objects unloaded after import = 2
========================================================================
Received Import Request.
  Time since last request: 0.000029 seconds.
  path: Assets/FunlySkyStudio/Core/Internal/Art Sets/Lightning/White/LightningWhite-1.asset
  artifactKey: Guid(03d9640a8ad3e0d4ebd1dfcd81089f6a) Importer(815301076,1909f56bfc062723c751e8b465ee728b)
Start importing Assets/FunlySkyStudio/Core/Internal/Art Sets/Lightning/White/LightningWhite-1.asset using Guid(03d9640a8ad3e0d4ebd1dfcd81089f6a) Importer(815301076,1909f56bfc062723c751e8b465ee728b) [PhysX] Initialized MultithreadedTaskDispatcher with 16 workers.
 -> (artifact id: '4b9dfd50e14c0a946238f754044b137a') in 0.025807 seconds
Number of updated asset objects reloaded before import = 0
Number of asset objects unloaded after import = 3
========================================================================
Received Import Request.
  Time since last request: 0.000079 seconds.
  path: Assets/FunlySkyStudio/Core/Internal/Art Sets/Lightning/White/LightningWhite-2.asset
  artifactKey: Guid(1db9a9dea991b0749a7a596ae94cb632) Importer(815301076,1909f56bfc062723c751e8b465ee728b)
Start importing Assets/FunlySkyStudio/Core/Internal/Art Sets/Lightning/White/LightningWhite-2.asset using Guid(1db9a9dea991b0749a7a596ae94cb632) Importer(815301076,1909f56bfc062723c751e8b465ee728b) [PhysX] Initialized MultithreadedTaskDispatcher with 16 workers.
 -> (artifact id: 'fd777c282850984f0af80051e0d0f764') in 0.023368 seconds
Number of updated asset objects reloaded before import = 0
Number of asset objects unloaded after import = 3
========================================================================
Received Import Request.
  Time since last request: 0.000052 seconds.
  path: Assets/FunlySkyStudio/Core/Textures/Lightning/LightningHorizontalBlue-1.png
  artifactKey: Guid(ecc14b3b33ce2824fa792849dd09ee07) Importer(815301076,1909f56bfc062723c751e8b465ee728b)
Start importing Assets/FunlySkyStudio/Core/Textures/Lightning/LightningHorizontalBlue-1.png using Guid(ecc14b3b33ce2824fa792849dd09ee07) Importer(815301076,1909f56bfc062723c751e8b465ee728b) [PhysX] Initialized MultithreadedTaskDispatcher with 16 workers.
[PhysX] Initialized MultithreadedTaskDispatcher with 16 workers.
 -> (artifact id: '8727dfb0f6cfd5aef8b183837f5c126d') in 0.020465 seconds
Number of updated asset objects reloaded before import = 0
Number of asset objects unloaded after import = 2
========================================================================
Received Import Request.
  Time since last request: 0.000038 seconds.
  path: Assets/FunlySkyStudio/Core/Textures/Lightning/LightningBlue-3.png
  artifactKey: Guid(78119ec76147f1f45ac5c2aea74bcfde) Importer(815301076,1909f56bfc062723c751e8b465ee728b)
Start importing Assets/FunlySkyStudio/Core/Textures/Lightning/LightningBlue-3.png using Guid(78119ec76147f1f45ac5c2aea74bcfde) Importer(815301076,1909f56bfc062723c751e8b465ee728b) [PhysX] Initialized MultithreadedTaskDispatcher with 16 workers.
[PhysX] Initialized MultithreadedTaskDispatcher with 16 workers.
 -> (artifact id: 'aa80c8269534cdc54a7f2fc7bc2cf810') in 0.010414 seconds
Number of updated asset objects reloaded before import = 0
Number of asset objects unloaded after import = 2
========================================================================
Received Import Request.
  Time since last request: 2.087745 seconds.
  path: Assets/RTS Engine/Maps/DemoMap/Kenney Assets/Medieval Town (base)/Materials/Mesh1_Lightpost_ModelMat.mat
  artifactKey: Guid(8b274dac87b49114288afed9c3c73e51) Importer(815301076,1909f56bfc062723c751e8b465ee728b)
Start importing Assets/RTS Engine/Maps/DemoMap/Kenney Assets/Medieval Town (base)/Materials/Mesh1_Lightpost_ModelMat.mat using Guid(8b274dac87b49114288afed9c3c73e51) Importer(815301076,1909f56bfc062723c751e8b465ee728b) [PhysX] Initialized MultithreadedTaskDispatcher with 16 workers.
[PhysX] Initialized MultithreadedTaskDispatcher with 16 workers.
 -> (artifact id: '35d2f5db8a79a98566a61e83bcc6242d') in 0.019922 seconds
Number of updated asset objects reloaded before import = 0
Number of asset objects unloaded after import = 1
========================================================================
Received Import Request.
  Time since last request: 0.046504 seconds.
  path: Assets/FunlySkyStudio/Core/Internal/Presets/3D/Toon Stormy - Custom Rain and Lightning.asset
  artifactKey: Guid(6dfb7e33714c0ba489ea212b4cefef97) Importer(815301076,1909f56bfc062723c751e8b465ee728b)
Start importing Assets/FunlySkyStudio/Core/Internal/Presets/3D/Toon Stormy - Custom Rain and Lightning.asset using Guid(6dfb7e33714c0ba489ea212b4cefef97) Importer(815301076,1909f56bfc062723c751e8b465ee728b) [PhysX] Initialized MultithreadedTaskDispatcher with 16 workers.
 -> (artifact id: 'c2a719ad78c06c42cd34aad6fc3f8e1b') in 0.095966 seconds
Number of updated asset objects reloaded before import = 0
Number of asset objects unloaded after import = 15
Editor requested this worker to shutdown with reason: Scaling down because of idle timeout
TcpMessagingSession - receive error: operation aborted. errorcode: 995, details: 由于线程退出或应用程序请求，已中止 I/O 操作。
AssetImportWorker is now disconnected from the server
Process exiting
Exiting without the bug reporter. Application will terminate with return code 0